// 重构日志: cebb905b
// 重构日志: 0a8890db
// 重构日志: eac1e1bd
// 重构日志: 45c0542f
// 同步 ID: 51cac70d @ Fri Jul 24 08:29:23 UTC 2026
// 重构日志: b2d3381d
// 同步 ID: 5c3bd050 @ Sat Jul 25 01:23:20 UTC 2026
// 同步 ID: c0e4b570 @ Sat Jul 25 08:28:54 UTC 2026
// 同步 ID: e1700ad0 @ Sat Jul 25 16:08:24 UTC 2026
// 同步 ID: a29a3e8f @ Sun Jul 26 12:42:39 UTC 2026
// 重构日志: 2264e1b0
// 同步 ID: 9adcb29b @ Tue Jul 28 18:14:18 UTC 2026
// 重构日志: d3db1fed
// 重构日志: cd5d2c13
// 同步 ID: a2a725ee @ Thu Jul 30 01:52:21 UTC 2026
// 同步 ID: 2e605c71 @ Thu Jul 30 05:35:17 UTC 2026
// 重构日志: e49d2b96
// 重构日志: 452abbfc
// 重构日志: ab102181
// 同步 ID: 38956959 @ Fri Jul 31 09:00:26 UTC 2026
// 同步 ID: bdc38c50 @ Fri Jul 31 13:35:01 UTC 2026
// 同步 ID: bda58882 @ Fri Jul 31 16:10:45 UTC 2026
// 同步 ID: 4c0121d0 @ Sat Aug  1 01:41:51 UTC 2026
// 重构日志: a1dd844b
// 重构日志: 43564c9a
// 重构日志: 6d5001e0
// 重构日志: 1e07dd09
// 重构日志: e654dcfd
// 重构日志: f3bc2a2b
// 同步 ID: 5d19811d @ Mon Aug  3 05:22:23 UTC 2026
